/about/	/
/accountability/	/evidence/vices/
/achievements/	/now/
/archive/v1/board/	/legacy/archive/v1/board/
/archive/v1/board/product/	/legacy/archive/v1/board/product/
/archive/v1/board/technical/	/legacy/archive/v1/board/technical/
/archive/v1/coaches/	/legacy/archive/v1/coaches/
/archive/v1/intelligence/	/legacy/archive/v1/intelligence/
/archive/v1/recap/	/legacy/archive/v1/recap/
/archive/v1/stack/	/legacy/archive/v1/stack/
/archive/v1/supplements_protocol/	/legacy/archive/v1/supplements_protocol/
/archive/v1/weekly/	/legacy/archive/v1/weekly/
/ask/	/evidence/ask/
/benchmarks/	/evidence/benchmarks/
/biology/	/evidence/biology/
/board/	/evidence/board/
/builders/	/
/challenges/	/evidence/challenges/
/character/	/now/
/chronicle/	/#dispatches/chronicle
/chronicle/archive/	/#dispatches/chronicle
/chronicle/posts/TEMPLATE	/#dispatches/chronicle
/chronicle/posts/interview/	/#dispatches/chronicle
/chronicle/posts/issue-05/	/#dispatches/chronicle
/chronicle/posts/week-00/	/#dispatches/chronicle
/chronicle/posts/week-01/	/#dispatches/chronicle
/chronicle/posts/week-02/	/#dispatches/chronicle
/chronicle/posts/week-03/	/#dispatches/chronicle
/chronicle/posts/week-04/	/#dispatches/chronicle
/chronicle/sample/	/#dispatches/chronicle
/coaches/	/evidence/board/
/community/	/
/cost/	/evidence/cost/
/data/	/evidence/data/
/discoveries/	/evidence/discoveries/
/elena/	/
/experiments/	/evidence/experiments/
/experiments/detail/	/evidence/experiments/
/explorer/	/evidence/explorer/
/field-notes/	/#dispatches/labnotes
/first-person/	/#dispatches/labnotes
/glucose/	/evidence/glucose/
/habits/	/evidence/habits/
/intelligence/	/evidence/intelligence/
/journal/	/#dispatches/journal
/journal/archive/	/#dispatches/journal
/journal/posts/TEMPLATE	/#dispatches/journal
/journal/posts/week-00/	/#dispatches/journal
/journal/posts/week-01/	/#dispatches/journal
/journal/posts/week-02/	/#dispatches/journal
/journal/posts/week-03/	/#dispatches/journal
/journal/posts/week-04/	/#dispatches/journal
/journal/posts/week-minus-1/	/#dispatches/journal
/journal/sample/	/#dispatches/journal
/kitchen/	/evidence/kitchen/
/labs/	/evidence/labs/
/ledger/	/evidence/ledger/
/live/	/evidence/vitals/
/methodology/	/evidence/methodology/
/mind/	/evidence/mind/
/mission/	/
/nutrition/	/evidence/nutrition/
/observatory/	/now/
/physical/	/evidence/physical/
/platform/	/evidence/platform/
/platform/data/	/evidence/platform/
/platform/reviews/	/evidence/platform/
/predictions/	/evidence/predictions/
/progress/	/
/protocols/	/evidence/protocols/
/recap/	/now/
/results/	/evidence/results/
/sleep/	/evidence/sleep/
/stack/	/evidence/stack/
/start/	/
/status/	/now/
/story/	/
/supplements/	/evidence/supplements/
/supplements/protocol/	/evidence/supplements/
/tools/	/evidence/tools/
/training/	/evidence/training/
/week/	/now/
/weekly/	/now/
