/about/	/story/about/
/accountability/	/data/vices/
/achievements/	/cockpit/
/archive/v1/board/	/legacy/archive/v1/board/
/archive/v1/board/product/	/legacy/archive/v1/board/product/
/archive/v1/board/technical/	/legacy/archive/v1/board/technical/
/archive/v1/coaches/	/legacy/archive/v1/coaches/
/archive/v1/intelligence/	/legacy/archive/v1/intelligence/
/archive/v1/recap/	/legacy/archive/v1/recap/
/archive/v1/stack/	/legacy/archive/v1/stack/
/archive/v1/supplements_protocol/	/legacy/archive/v1/supplements_protocol/
/archive/v1/weekly/	/legacy/archive/v1/weekly/
/ask/	/method/ask/
/benchmarks/	/method/benchmarks/
/biology/	/method/biology/
/board/	/method/board/
/builders/	/
/challenges/	/protocols/challenges/
/character/	/cockpit/
/chronicle/	/story/chronicle/
/chronicle/archive/	/story/chronicle/
/chronicle/sample/	/story/chronicle/
/coaches/	/method/board/
/community/	/
/cost/	/method/cost/
/discoveries/	/protocols/discoveries/
/dispatches/	/story/
/dispatches/about/	/story/about/
/dispatches/chronicle/	/story/chronicle/
/dispatches/coaches/	/coaching/coaches/
/dispatches/journal/	/story/journal/
/dispatches/lab-notes/	/coaching/lab-notes/
/dispatches/timeline/	/story/timeline/
/elena/	/story/chronicle/
/evidence/	/data/
/evidence/ask/	/method/ask/
/evidence/benchmarks/	/method/benchmarks/
/evidence/biology/	/method/biology/
/evidence/board/	/method/board/
/evidence/build/	/method/build/
/evidence/challenges/	/protocols/challenges/
/evidence/cost/	/method/cost/
/evidence/cycles/	/method/cycles/
/evidence/data/	/method/data/
/evidence/discoveries/	/protocols/discoveries/
/evidence/experiments/	/protocols/experiments/
/evidence/explorer/	/method/explorer/
/evidence/glucose/	/data/glucose/
/evidence/habits/	/data/habits/
/evidence/inference/	/method/inference/
/evidence/intelligence/	/method/intelligence/
/evidence/kitchen/	/method/kitchen/
/evidence/labs/	/data/labs/
/evidence/ledger/	/data/ledger/
/evidence/methodology/	/method/methodology/
/evidence/mind/	/data/mind/
/evidence/mirror/	/method/mirror/
/evidence/nutrition/	/data/nutrition/
/evidence/physical/	/data/physical/
/evidence/pipeline/	/method/pipeline/
/evidence/platform/	/method/platform/
/evidence/postmortems/	/method/postmortems/
/evidence/predictions/	/method/predictions/
/evidence/protocols/	/protocols/protocols/
/evidence/results/	/method/results/
/evidence/sleep/	/data/sleep/
/evidence/supplements/	/protocols/supplements/
/evidence/survival/	/method/survival/
/evidence/tools/	/method/tools/
/evidence/training/	/data/training/
/evidence/vices/	/data/vices/
/evidence/vitals/	/data/vitals/
/evidence/wrong/	/method/wrong/
/experiments/	/protocols/experiments/
/experiments/detail/	/protocols/experiments/
/explorer/	/method/explorer/
/field-notes/	/coaching/lab-notes/
/first-person/	/coaching/lab-notes/
/glucose/	/data/glucose/
/habits/	/data/habits/
/intelligence/	/method/intelligence/
/journal/	/story/journal/
/journal/archive/	/story/journal/
/journal/sample/	/story/journal/
/kitchen/	/method/kitchen/
/labs/	/data/labs/
/ledger/	/data/ledger/
/live/	/data/vitals/
/methodology/	/method/methodology/
/mind/	/data/reading/
/mission/	/story/about/
/now/	/cockpit/
/nutrition/	/data/nutrition/
/observatory/	/cockpit/
/physical/	/data/physical/
/platform/	/method/platform/
/platform/data/	/method/platform/
/platform/reviews/	/method/platform/
/predictions/	/method/predictions/
/progress/	/story/timeline/
/recap/	/story/timeline/
/results/	/method/results/
/sleep/	/data/sleep/
/stack/	/data/stack/
/start/	/
/status/	/cockpit/
/story/coaches/	/coaching/coaches/
/story/lab-notes/	/coaching/lab-notes/
/supplements/	/protocols/supplements/
/supplements/protocol/	/protocols/supplements/
/tools/	/method/tools/
/training/	/data/training/
/week/	/cockpit/
/weekly/	/cockpit/
